****************************************************************************************************
ID   FIRST NAME          LAST NAME           HOME PHONE       MOBILE PHONE     EMAIL                         
----------------------------------------------------------------------------------------------------
1    Andrew              Allen               (999) 999-9999   (888) 888-8888   ardy@blah.org                 
2    Chris               Filion                               (456) 543-9876   chris@email.com               
3    Cameron             Gardner                                               cameron@email.com             
4    Andrew              Knights             (657) 543-7658                                                  
5    Travis              Mallory             (345) 345-3445   (274) 534-2364   travis@email.com              
6    Dan                 O'Rielly            (546) 543-3453                                                  
7    Steven              Smith               (453) 765-3453   (546) 543-4535   steven@email.com              
8    Bob                 Snellgrove                           (543) 654-5463                                 
9    Catherine           Veltkamp            (543) 546-3454                    catherine@email.com           
10   Lee                 Venna               (546) 654-3453   (543) 435-3453   venna@something.com           
11   Susan               Williams            (777) 777-7777   (657) 654-3453   susanw@hotmail.com            
****************************************************************************************************

